#
# There is insufficient memory for the Java Runtime Environment to continue.
# Native memory allocation (mmap) failed to map 199229440 bytes for Failed to commit area from 0x0000000742600000 to 0x000000074e400000 of length 199229440.
# Possible reasons:
#   The system is out of physical RAM or swap space
#   The process is running with CompressedOops enabled, and the Java Heap may be blocking the growth of the native heap
# Possible solutions:
#   Reduce memory load on the system
#   Increase physical memory or swap space
#   Check if swap backing store is full
#   Decrease Java heap size (-Xmx/-Xms)
#   Decrease number of Java threads
#   Decrease Java thread stack sizes (-Xss)
#   Set larger code cache with -XX:ReservedCodeCacheSize=
# This output file may be truncated or incomplete.
#
#  Out of Memory Error (./src/hotspot/os/windows/os_windows.cpp:3521), pid=9532, tid=12412
#
# JRE version:  (11.0.13+8) (build )
# Java VM: OpenJDK 64-Bit Server VM (11.0.13+8-b1504.49, mixed mode, sharing, tiered, compressed oops, g1 gc, windows-amd64)
# No core dump will be written. Minidumps are not enabled by default on client versions of Windows
#

---------------  S U M M A R Y ------------

Command Line: git4idea.http.GitAskPassApp Username for 'https://github.com': 

Host: Intel(R) Core(TM) i7-8550U CPU @ 1.80GHz, 8 cores, 11G,  Windows 10 , 64 bit Build 19041 (10.0.19041.1202)
Time: Mon Sep 12 12:32:16 2022 Central Daylight Time elapsed time: 0.011701 seconds (0d 0h 0m 0s)

---------------  T H R E A D  ---------------

Current thread (0x000001a484c84800):  JavaThread "Unknown thread" [_thread_in_vm, id=12412, stack(0x0000000da7400000,0x0000000da7500000)]

Stack: [0x0000000da7400000,0x0000000da7500000]
Native frames: (J=compiled Java code, j=interpreted, Vv=VM code, C=native code)
V  [jvm.dll+0x6131fa]
V  [jvm.dll+0x798f40]
V  [jvm.dll+0x79a55d]
V  [jvm.dll+0x79ac33]
V  [jvm.dll+0x24c038]
V  [jvm.dll+0x610514]
V  [jvm.dll+0x605105]
V  [jvm.dll+0x30a53b]
V  [jvm.dll+0x30a4aa]
V  [jvm.dll+0x30a382]
V  [jvm.dll+0x30f2e6]
V  [jvm.dll+0x358953]
V  [jvm.dll+0x359056]
V  [jvm.dll+0x358a53]
V  [jvm.dll+0x2e4f08]
V  [jvm.dll+0x2e60a7]
V  [jvm.dll+0x776017]
V  [jvm.dll+0x77780c]
V  [jvm.dll+0x365f19]
V  [jvm.dll+0x759c6e]
V  [jvm.dll+0x3d3fd3]
V  [jvm.dll+0x3d6571]
C  [jli.dll+0x536b]
C  [ucrtbase.dll+0x21bb2]
C  [KERNEL32.DLL+0x17034]
C  [ntdll.dll+0x52651]


---------------  P R O C E S S  ---------------

Threads class SMR info:
_java_thread_list=0x000001a482be2670, length=0, elements={
}

Java Threads: ( => current thread )

Other Threads:
  0x000001a482cbe800 GCTaskThread "GC Thread#0" [stack: 0x0000000da7500000,0x0000000da7600000] [id=6752]
  0x000001a484cde800 ConcurrentGCThread "G1 Main Marker" [stack: 0x0000000da7600000,0x0000000da7700000] [id=5820]
  0x000001a484ce0800 ConcurrentGCThread "G1 Conc#0" [stack: 0x0000000da7700000,0x0000000da7800000] [id=9740]

[error occurred during error reporting (printing all threads), id 0xc0000005, EXCEPTION_ACCESS_VIOLATION (0xc0000005) at pc=0x00007ffb9f825547]

VM state:not at safepoint (not fully initialized)

VM Mutex/Monitor currently owned by a thread:  ([mutex/lock_event])
[0x000001a484c80fd0] Heap_lock - owner thread: 0x000001a484c84800

Heap address: 0x0000000742600000, size: 3034 MB, Compressed Oops mode: Non-zero based: 0x0000000742600000
Narrow klass base: 0x0000000000000000, Narrow klass shift: 0

GC Heap History (0 events):
No events

Deoptimization events (0 events):
No events

Classes redefined (0 events):
No events

Internal exceptions (0 events):
No events

Events (1 events):
Event: 0.007 Loaded shared library C:\Program Files\JetBrains\IntelliJ IDEA Community Edition 2021.2.3\jbr\bin\zip.dll


Dynamic libraries:
0x00007ff73ab80000 - 0x00007ff73ab8a000 	C:\Program Files\JetBrains\IntelliJ IDEA Community Edition 2021.2.3\jbr\bin\java.exe
0x00007ffc29530000 - 0x00007ffc29725000 	C:\WINDOWS\SYSTEM32\ntdll.dll
0x00007ffc29340000 - 0x00007ffc293fe000 	C:\WINDOWS\System32\KERNEL32.DLL
0x00007ffc26e30000 - 0x00007ffc270f9000 	C:\WINDOWS\System32\KERNELBASE.dll
0x00007ffc27450000 - 0x00007ffc27550000 	C:\WINDOWS\System32\ucrtbase.dll
0x00007ffbff060000 - 0x00007ffbff079000 	C:\Program Files\JetBrains\IntelliJ IDEA Community Edition 2021.2.3\jbr\bin\jli.dll
0x00007ffbfef10000 - 0x00007ffbfef27000 	C:\Program Files\JetBrains\IntelliJ IDEA Community Edition 2021.2.3\jbr\bin\VCRUNTIME140.dll
0x00007ffc28ac0000 - 0x00007ffc28c61000 	C:\WINDOWS\System32\USER32.dll
0x00007ffc26cf0000 - 0x00007ffc26d12000 	C:\WINDOWS\System32\win32u.dll
0x00007ffc118c0000 - 0x00007ffc11b5a000 	C:\WINDOWS\WinSxS\amd64_microsoft.windows.common-controls_6595b64144ccf1df_6.0.19041.1110_none_60b5254171f9507e\COMCTL32.dll
0x00007ffc28590000 - 0x00007ffc285bb000 	C:\WINDOWS\System32\GDI32.dll
0x00007ffc26d20000 - 0x00007ffc26e2b000 	C:\WINDOWS\System32\gdi32full.dll
0x00007ffc29230000 - 0x00007ffc292ce000 	C:\WINDOWS\System32\msvcrt.dll
0x00007ffc26c50000 - 0x00007ffc26ced000 	C:\WINDOWS\System32\msvcp_win.dll
0x00007ffc289c0000 - 0x00007ffc289f0000 	C:\WINDOWS\System32\IMM32.DLL
0x00007ffbef010000 - 0x00007ffbef0ad000 	C:\Program Files\JetBrains\IntelliJ IDEA Community Edition 2021.2.3\jbr\bin\msvcp140.dll
0x00007ffb9f530000 - 0x00007ffba00a5000 	C:\Program Files\JetBrains\IntelliJ IDEA Community Edition 2021.2.3\jbr\bin\server\jvm.dll
0x00007ffc28120000 - 0x00007ffc281cc000 	C:\WINDOWS\System32\ADVAPI32.dll
0x00007ffc275e0000 - 0x00007ffc2767b000 	C:\WINDOWS\System32\sechost.dll
0x00007ffc27f40000 - 0x00007ffc2806a000 	C:\WINDOWS\System32\RPCRT4.dll
0x00007ffc27eb0000 - 0x00007ffc27eb8000 	C:\WINDOWS\System32\PSAPI.DLL
0x00007ffc0e4c0000 - 0x00007ffc0e4c9000 	C:\WINDOWS\SYSTEM32\WSOCK32.dll
0x00007ffc292d0000 - 0x00007ffc2933b000 	C:\WINDOWS\System32\WS2_32.dll
0x00007ffc0b6b0000 - 0x00007ffc0b6d7000 	C:\WINDOWS\SYSTEM32\WINMM.dll
0x00007ffc21fd0000 - 0x00007ffc21fda000 	C:\WINDOWS\SYSTEM32\VERSION.dll
0x00007ffc254c0000 - 0x00007ffc254d2000 	C:\WINDOWS\SYSTEM32\kernel.appcore.dll
0x00007ffbfeb90000 - 0x00007ffbfeba1000 	C:\Program Files\JetBrains\IntelliJ IDEA Community Edition 2021.2.3\jbr\bin\verify.dll
0x00007ffc22190000 - 0x00007ffc22374000 	C:\WINDOWS\SYSTEM32\DBGHELP.DLL
0x00007ffc07690000 - 0x00007ffc076bc000 	C:\WINDOWS\SYSTEM32\dbgcore.DLL
0x00007ffc27310000 - 0x00007ffc27393000 	C:\WINDOWS\System32\bcryptPrimitives.dll
0x00007ffbfe520000 - 0x00007ffbfe549000 	C:\Program Files\JetBrains\IntelliJ IDEA Community Edition 2021.2.3\jbr\bin\java.dll
0x00007ffc22040000 - 0x00007ffc2204b000 	C:\Program Files\JetBrains\IntelliJ IDEA Community Edition 2021.2.3\jbr\bin\jimage.dll
0x00007ffbfe500000 - 0x00007ffbfe518000 	C:\Program Files\JetBrains\IntelliJ IDEA Community Edition 2021.2.3\jbr\bin\zip.dll

dbghelp: loaded successfully - version: 4.0.5 - missing functions: none
symbol engine: initialized successfully - sym options: 0x614 - pdb path: .;C:\Program Files\JetBrains\IntelliJ IDEA Community Edition 2021.2.3\jbr\bin;C:\WINDOWS\SYSTEM32;C:\WINDOWS\WinSxS\amd64_microsoft.windows.common-controls_6595b64144ccf1df_6.0.19041.1110_none_60b5254171f9507e;C:\Program Files\JetBrains\IntelliJ IDEA Community Edition 2021.2.3\jbr\bin\server

VM Arguments:
java_command: git4idea.http.GitAskPassApp Username for 'https://github.com': 
java_class_path (initial): C:/Program Files/JetBrains/IntelliJ IDEA Community Edition 2021.2.3/plugins/git4idea/lib/git4idea-rt.jar;C:/Program Files/JetBrains/IntelliJ IDEA Community Edition 2021.2.3/lib/3rd-party.jar
Launcher Type: SUN_STANDARD

[Global flags]
     intx CICompilerCount                          = 4                                         {product} {ergonomic}
     uint ConcGCThreads                            = 2                                         {product} {ergonomic}
     uint G1ConcRefinementThreads                  = 8                                         {product} {ergonomic}
   size_t G1HeapRegionSize                         = 1048576                                   {product} {ergonomic}
    uintx GCDrainStackTargetSize                   = 64                                        {product} {ergonomic}
   size_t InitialHeapSize                          = 199229440                                 {product} {ergonomic}
   size_t MarkStackSize                            = 4194304                                   {product} {ergonomic}
   size_t MaxHeapSize                              = 3181379584                                {product} {ergonomic}
   size_t MinHeapDeltaBytes                        = 1048576                                   {product} {ergonomic}
    uintx NonNMethodCodeHeapSize                   = 5836300                                {pd product} {ergonomic}
    uintx NonProfiledCodeHeapSize                  = 122910970                              {pd product} {ergonomic}
    uintx ProfiledCodeHeapSize                     = 122910970                              {pd product} {ergonomic}
    uintx ReservedCodeCacheSize                    = 251658240                              {pd product} {ergonomic}
     bool SegmentedCodeCache                       = true                                      {product} {ergonomic}
     bool UseCompressedClassPointers               = true                                 {lp64_product} {ergonomic}
     bool UseCompressedOops                        = true                                 {lp64_product} {ergonomic}
     bool UseG1GC                                  = true                                      {product} {ergonomic}
     bool UseLargePagesIndividualAllocation        = false                                  {pd product} {ergonomic}

Logging:
Log output configuration:
 #0: stdout all=warning uptime,level,tags
 #1: stderr all=off uptime,level,tags

Environment Variables:
JAVA_HOME=C:\Program Files\Java\jdk-17.0.1
PATH=C:\Program Files\Git\mingw64\libexec\git-core;C:\Program Files\Git\mingw64\libexec\git-core;C:\Program Files\Git\mingw64\bin;C:\Program Files\Git\usr\bin;C:\temp\bin;C:\Program Files\Common Files\Oracle\Java\javapath;C:\WINDOWS\system32;C:\WINDOWS;C:\WINDOWS\System32\Wbem;C:\WINDOWS\System32\WindowsPowerShell\v1.0;C:\WINDOWS\System32\OpenSSH;C:\Program Files\Intel\WiFi\bin;C:\Program Files\Common Files\Intel\WirelessCommon;C:\Program Files\Intel\iCLS Client;C:\Program Files (x86)\Microsoft SQL Server\150\DTS\Binn;C:\Program Files\dotnet;C:\Program Files\Microsoft SQL Server\130\Tools\Binn;C:\Program Files\Microsoft SQL Server\Client SDK\ODBC\170\Tools\Binn;C:\ProgramData\chocolatey\bin;C:\OpenOCD\bin;C:\Program Files\qemu;C:\Program Files\Amazon\AWSCLI\bin;C:\Users\ferrer\Documents\Courses\CSCI 322 Spring 2020\nand2tetris\tools;C:\Program Files (x86)\Microsoft Visual Studio\Shared\Python37_64;C:\Program Files\Java\jdk-17.0.1\bin;C:\Users\ferrer\flutter;C:\Program Files\Azure Data Studio\bin;C:\Program Files (x86)\Intel\Intel(R) Management Engine Components\DAL;C:\Program Files\Intel\Intel(R) Management Engine Components\DAL;C:\Program Files\Microsoft VS Code\bin;C:\Program Files\Git\cmd;C:\Users\ferrer\AppData\Local\Programs\Python\Python310\Scripts;C:\Users\ferrer\AppData\Local\Programs\Python\Python310;C:\Users\ferrer\AppData\Local\Microsoft\WindowsApps;C:\Program Files (x86)\GNU Tools Arm Embedded\9 2019-q4-major\bin;C:\Users\ferrer\.cargo\bin;C:\Users\ferrer\flutter\bin;C:\Users\ferrer\bin;C:\Program Files\Azure Data Studio\bin;C:\ghcup\bin;C:\tools\dart-sdk\bin;C:\Users\ferrer\AppData\Roaming\Pub\Cache\bin
USERNAME=ferrer
DISPLAY=:0.0
LC_ALL=en_US.UTF-8
OS=Windows_NT
PROCESSOR_IDENTIFIER=Intel64 Family 6 Model 142 Stepping 10, GenuineIntel



---------------  S Y S T E M  ---------------

OS: Windows 10 , 64 bit Build 19041 (10.0.19041.1202)
OS uptime: 11 days 4:42 hours

CPU:total 8 (initial active 8) (4 cores per cpu, 2 threads per core) family 6 model 142 stepping 10 microcode 0xb4, cmov, cx8, fxsr, mmx, sse, sse2, sse3, ssse3, sse4.1, sse4.2, popcnt, avx, avx2, aes, clmul, erms, 3dnowpref, lzcnt, ht, tsc, tscinvbit, bmi1, bmi2, adx, fma

Memory: 4k page, system-wide physical 12130M (1602M free)
TotalPageFile size 42495M (AvailPageFile size 158M)
current process WorkingSet (physical memory assigned to process): 10M, peak: 10M
current process commit charge ("private bytes"): 60M, peak: 250M

vm_info: OpenJDK 64-Bit Server VM (11.0.13+8-b1504.49) for windows-amd64 JRE (11.0.13+8-b1504.49), built on Nov  5 2021 09:56:39 by "" with MS VC++ 14.0 (VS2015)

END.
